// Jest Snapshot v1, https://goo.gl/fbAQLP

exports[`Pruebas en CounterApp Debe mostrar <CounterApp/> correctamente  1`] = `
<Fragment>
  <h1>
     Contador 
  </h1>
  <h2>
    10
  </h2>
  <button
    className="but"
    onClick={[Function]}
  >
    -1
  </button>
  <button
    onClick={[Function]}
  >
    Reset
  </button>
  <button
    className="but"
    onClick={[Function]}
  >
    +1
  </button>
</Fragment>
`;
